// Jest Snapshot v1, https://goo.gl/fbAQLP

exports[`renders the header 1`] = `
<header
  style="background:rebeccapurple;margin-bottom:1.45rem"
>
  <div
    style="margin:0 auto;max-width:960px;padding:1.45rem 1.0875rem"
  >
    <h1
      style="margin:0"
    >
      <a
        href="/"
        style="color:white;text-decoration:none"
      >
        Welcome to Gatsby
      </a>
    </h1>
  </div>
</header>
`;
